{
  "output": {
    "SCF": {
      "iter": {
        "1": {
          "data": {
            "energy": -112.6922337253691,
            "e_diff": -112.6922337253691,
            "rmsd": 0.0411331240102457
          },
          "profile": {
            "total_time": 0.0173482
          }
        },
        "2": {
          "data": {
            "energy": -112.7278706204464,
            "e_diff": -0.035636895077288955,
            "rmsd": 0.009690848805235377
          },
          "profile": {
            "total_time": 0.01792921
          }
        },
        "3": {
          "data": {
            "energy": -112.73818893471048,
            "e_diff": -0.010318314264083028,
            "rmsd": 0.002858001880638076
          },
          "profile": {
            "total_time": 0.018252247
          }
        },
        "4": {
          "data": {
            "energy": -112.7478946082181,
            "e_diff": -0.009705673507625079,
            "rmsd": 0.001496178521877168
          },
          "profile": {
            "total_time": 0.018600153
          }
        },
        "5": {
          "data": {
            "energy": -112.74924955045554,
            "e_diff": -0.001354942237441037,
            "rmsd": 0.000522793571877987
          },
          "profile": {
            "total_time": 0.019592877
          }
        },
        "6": {
          "data": {
            "energy": -112.74933848583098,
            "e_diff": -8.893537543031016e-05,
            "rmsd": 0.00016194867166560793
          },
          "profile": {
            "total_time": 0.020137754
          }
        },
        "7": {
          "data": {
            "energy": -112.74928919499851,
            "e_diff": 4.929083246452137e-05,
            "rmsd": 4.8031409735034124e-05
          },
          "profile": {
            "total_time": 0.021546998
          }
        },
        "8": {
          "data": {
            "energy": -112.74931222156036,
            "e_diff": -2.30265618483827e-05,
            "rmsd": 1.4366769399093256e-05
          },
          "profile": {
            "total_time": 0.022556668
          }
        },
        "9": {
          "data": {
            "energy": -112.74931136379601,
            "e_diff": 8.577643484386499e-07,
            "rmsd": 4.3219033535509296e-06
          },
          "profile": {
            "total_time": 0.024043842
          }
        },
        "10": {
          "data": {
            "energy": -112.74931135573632,
            "e_diff": 8.059686251726816e-09,
            "rmsd": 1.2973892604862095e-06
          },
          "profile": {
            "total_time": 0.025302301
          }
        },
        "11": {
          "data": {
            "energy": -112.74931134765586,
            "e_diff": 8.080462521320442e-09,
            "rmsd": 3.894508446751072e-07
          },
          "profile": {
            "total_time": 0.029281769
          }
        },
        "12": {
          "data": {
            "energy": -112.74931134138606,
            "e_diff": 6.269800678637694e-09,
            "rmsd": 1.1678518334860764e-07
          },
          "profile": {
            "total_time": 0.019112162
          }
        },
        "13": {
          "data": {
            "energy": -112.74931133708813,
            "e_diff": 4.297930900065694e-09,
            "rmsd": 3.508243258916436e-08
          },
          "profile": {
            "total_time": 0.017770617
          }
        },
        "14": {
          "data": {
            "energy": -112.7493113383666,
            "e_diff": -1.278465333598433e-09,
            "rmsd": 1.050193034812573e-08
          },
          "profile": {
            "total_time": 0.017924219
          }
        },
        "15": {
          "data": {
            "energy": -112.7493113366402,
            "e_diff": 1.7263914742216002e-09,
            "rmsd": 3.1703273986435757e-09
          },
          "profile": {
            "total_time": 0.017889775
          }
        },
        "16": {
          "data": {
            "energy": -112.7493113376942,
            "e_diff": -1.0539906725171022e-09,
            "rmsd": 9.378522398000883e-10
          },
          "profile": {
            "total_time": 0.017430801
          }
        },
        "17": {
          "data": {
            "energy": -112.74931133686394,
            "e_diff": 8.302549758809619e-10,
            "rmsd": 2.1573144162498142e-10
          },
          "profile": {
            "total_time": 0.017791232
          }
        },
        "18": {
          "data": {
            "energy": -112.74931133709254,
            "e_diff": -2.2859580894873943e-10,
            "rmsd": 1.1517986349795079e-10
          },
          "profile": {
            "total_time": 0.016905917
          }
        },
        "19": {
          "data": {
            "energy": -112.74931133716112,
            "e_diff": -6.858158485556487e-11,
            "rmsd": 5.3553994240154427e-11
          },
          "profile": {
            "total_time": 0.01747886
          }
        }
      },
      "final_energy": -112.74931133716112,
      "n_iterations": 19
    },
    "CD": {
      "n_cholesky_vectors": 258
    },
    "CCSD": {
      "iter": {
        "1": {
          "data": {
            "residual": 0.4722746648073107,
            "correlation": 0.0
          },
          "profile": {
            "total_time": 0.033315106
          }
        },
        "2": {
          "data": {
            "residual": 0.06652411236770496,
            "correlation": -0.2907782878235495
          },
          "profile": {
            "total_time": 0.030513738
          }
        },
        "3": {
          "data": {
            "residual": 0.028821140644378837,
            "correlation": -0.2844915761785571
          },
          "profile": {
            "total_time": 0.034115673
          }
        },
        "4": {
          "data": {
            "residual": 0.007568433456006584,
            "correlation": -0.2968076284015545
          },
          "profile": {
            "total_time": 0.030585525
          }
        },
        "5": {
          "data": {
            "residual": 0.005069819642609509,
            "correlation": -0.296187298458932
          },
          "profile": {
            "total_time": 0.029904872
          }
        },
        "6": {
          "data": {
            "residual": 0.001642628294484139,
            "correlation": -0.29801673297524756
          },
          "profile": {
            "total_time": 0.033957667
          }
        },
        "7": {
          "data": {
            "residual": 0.0007259134747385635,
            "correlation": -0.2979134453203853
          },
          "profile": {
            "total_time": 0.030408654
          }
        },
        "8": {
          "data": {
            "residual": 0.0003273536149029809,
            "correlation": -0.2980043366566789
          },
          "profile": {
            "total_time": 0.029936555
          }
        },
        "9": {
          "data": {
            "residual": 0.00017614226151880697,
            "correlation": -0.2980069355295822
          },
          "profile": {
            "total_time": 0.031002992
          }
        },
        "10": {
          "data": {
            "residual": 8.7515522134077e-05,
            "correlation": -0.2980243820258426
          },
          "profile": {
            "total_time": 0.029596117
          }
        },
        "11": {
          "data": {
            "residual": 9.256062190980351e-06,
            "correlation": -0.29803598468392173
          },
          "profile": {
            "total_time": 0.029926027
          }
        },
        "12": {
          "data": {
            "residual": 4.151050500241889e-06,
            "correlation": -0.2980379047172069
          },
          "profile": {
            "total_time": 0.030608094
          }
        },
        "13": {
          "data": {
            "residual": 1.2322437190206118e-06,
            "correlation": -0.29803876985965855
          },
          "profile": {
            "total_time": 0.030325707
          }
        },
        "14": {
          "data": {
            "residual": 8.374662745380887e-07,
            "correlation": -0.2980386339002703
          },
          "profile": {
            "total_time": 0.031016543
          }
        }
      },
      "n_iterations": 14,
      "final_energy": {
        "correlation": -0.2980386339002703,
        "total": -113.0473499710614
      }
    }
  },
  "input": {
    "molecule": {
      "name": "co",
      "basis": "cc-pvdz",
      "basis_sphcart": "spherical",
      "geometry_units": "angstrom"
    },
    "SCF": {
      "tol_int": 1e-10,
      "tol_lindep": 1e-06,
      "conve": 1e-10,
      "convd": 1e-09,
      "diis_hist": 10,
      "AO_tilesize": 30,
      "force_tilesize": "false",
      "scf_type": "rhf",
      "multiplicity": 1
    },
    "CD": {
      "diagtol": 1e-08,
      "max_cvecs_factor": 12
    },
    "CCSD": {
      "threshold": 1e-06,
      "tilesize": 50,
      "itilesize": 1000,
      "ncuda": 0,
      "ndiis": 5,
      "readt": "false",
      "writet": "true",
      "ccsd_maxiter": 50,
      "balance_tiles": "true"
    }
  }
}
