{
  "output": {
    "SCF": {
      "iter": {
        "1": {
          "data": {
            "energy": -74.85917981541026,
            "e_diff": -74.85917981541026,
            "rmsd": 0.048595800953989014
          },
          "profile": {
            "total_time": 0.009380435
          }
        },
        "2": {
          "data": {
            "energy": -74.9547911390219,
            "e_diff": -0.09561132361164937,
            "rmsd": 0.012110302504104014
          },
          "profile": {
            "total_time": 0.009121041
          }
        },
        "3": {
          "data": {
            "energy": -74.8917486099633,
            "e_diff": 0.06304252905860608,
            "rmsd": 0.006786501730034846
          },
          "profile": {
            "total_time": 0.009483037
          }
        },
        "4": {
          "data": {
            "energy": -74.90135511463531,
            "e_diff": -0.009606504672007077,
            "rmsd": 0.0028484952292120113
          },
          "profile": {
            "total_time": 0.010110537
          }
        },
        "5": {
          "data": {
            "energy": -74.90289154704374,
            "e_diff": -0.0015364324084288228,
            "rmsd": 0.0011252970466220944
          },
          "profile": {
            "total_time": 0.01085484
          }
        },
        "6": {
          "data": {
            "energy": -74.90231842139531,
            "e_diff": 0.0005731256484295955,
            "rmsd": 0.0003685155442150349
          },
          "profile": {
            "total_time": 0.011836581
          }
        },
        "7": {
          "data": {
            "energy": -74.90206289289571,
            "e_diff": 0.00025552849959353807,
            "rmsd": 0.00010896637528558424
          },
          "profile": {
            "total_time": 0.013298573
          }
        },
        "8": {
          "data": {
            "energy": -74.90199629069805,
            "e_diff": 6.660219766274622e-05,
            "rmsd": 3.215034371048441e-05
          },
          "profile": {
            "total_time": 0.014741399
          }
        },
        "9": {
          "data": {
            "energy": -74.90197774065048,
            "e_diff": 1.8550047570897732e-05,
            "rmsd": 9.537252100285135e-06
          },
          "profile": {
            "total_time": 0.015888043
          }
        },
        "10": {
          "data": {
            "energy": -74.90197195266389,
            "e_diff": 5.787986594896211e-06,
            "rmsd": 2.8549336531171277e-06
          },
          "profile": {
            "total_time": 0.01732109
          }
        },
        "11": {
          "data": {
            "energy": -74.90197026832722,
            "e_diff": 1.6843366665852955e-06,
            "rmsd": 8.551628011228888e-07
          },
          "profile": {
            "total_time": 0.021572817
          }
        },
        "12": {
          "data": {
            "energy": -74.90196976062103,
            "e_diff": 5.077061899783075e-07,
            "rmsd": 2.564390697787852e-07
          },
          "profile": {
            "total_time": 0.017726401
          }
        },
        "13": {
          "data": {
            "energy": -74.9019696062046,
            "e_diff": 1.5441642631230934e-07,
            "rmsd": 7.688491295818342e-08
          },
          "profile": {
            "total_time": 0.009264309
          }
        },
        "14": {
          "data": {
            "energy": -74.90196956083486,
            "e_diff": 4.53697452940105e-08,
            "rmsd": 2.304786802359946e-08
          },
          "profile": {
            "total_time": 0.009233251
          }
        },
        "15": {
          "data": {
            "energy": -74.90196954679591,
            "e_diff": 1.4038946005712205e-08,
            "rmsd": 6.9085529530256925e-09
          },
          "profile": {
            "total_time": 0.009090939
          }
        },
        "16": {
          "data": {
            "energy": -74.90196954279888,
            "e_diff": 3.997030262326007e-09,
            "rmsd": 2.069837424696044e-09
          },
          "profile": {
            "total_time": 0.009309384
          }
        },
        "17": {
          "data": {
            "energy": -74.9019695407615,
            "e_diff": 2.037381818809081e-09,
            "rmsd": 3.9150263048905717e-10
          },
          "profile": {
            "total_time": 0.009712622
          }
        },
        "18": {
          "data": {
            "energy": -74.90196954092315,
            "e_diff": -1.616484723854228e-10,
            "rmsd": 2.0964591877962352e-10
          },
          "profile": {
            "total_time": 0.008532378
          }
        },
        "19": {
          "data": {
            "energy": -74.90196954097163,
            "e_diff": -4.8487436288269237e-11,
            "rmsd": 1.200005159977471e-10
          },
          "profile": {
            "total_time": 0.008564309
          }
        },
        "20": {
          "data": {
            "energy": -74.9019695409862,
            "e_diff": -1.4566126083082054e-11,
            "rmsd": 7.017948194892544e-11
          },
          "profile": {
            "total_time": 0.00855566
          }
        },
        "21": {
          "data": {
            "energy": -74.90196954099056,
            "e_diff": -4.362732397567015e-12,
            "rmsd": 4.158783688961204e-11
          },
          "profile": {
            "total_time": 0.008468113
          }
        },
        "22": {
          "data": {
            "energy": -74.90196954099189,
            "e_diff": -1.3216094885137863e-12,
            "rmsd": 2.4885994690697936e-11
          },
          "profile": {
            "total_time": 0.008687326
          }
        },
        "23": {
          "data": {
            "energy": -74.90196954099225,
            "e_diff": -3.694822225952521e-13,
            "rmsd": 1.493899137332704e-11
          },
          "profile": {
            "total_time": 0.008648368
          }
        },
        "24": {
          "data": {
            "energy": -74.90196954099234,
            "e_diff": -8.526512829121202e-14,
            "rmsd": 9.03008390776124e-12
          },
          "profile": {
            "total_time": 0.008988165
          }
        }
      },
      "final_energy": -74.90196954099234,
      "n_iterations": 24
    },
    "CD": {
      "n_cholesky_vectors": 224
    },
    "CCSD": {
      "iter": {
        "1": {
          "data": {
            "residual": 1.3351120681417848e-05,
            "correlation": -0.19556872662380007
          },
          "profile": {
            "total_time": 0.031788068
          }
        },
        "2": {
          "data": {
            "residual": 7.468283354232311e-06,
            "correlation": -0.19556900472805444
          },
          "profile": {
            "total_time": 0.024738808
          }
        },
        "3": {
          "data": {
            "residual": 4.186819558773489e-06,
            "correlation": -0.1955691525427532
          },
          "profile": {
            "total_time": 0.17263102
          }
        },
        "4": {
          "data": {
            "residual": 2.355807174845626e-06,
            "correlation": -0.19556922864178541
          },
          "profile": {
            "total_time": 0.03183786
          }
        },
        "5": {
          "data": {
            "residual": 1.3272052159142149e-06,
            "correlation": -0.19556926900950677
          },
          "profile": {
            "total_time": 0.031906387
          }
        },
        "6": {
          "data": {
            "residual": 4.147877535560093e-09,
            "correlation": -0.19556931590215387
          },
          "profile": {
            "total_time": 0.029720991
          }
        },
        "7": {
          "data": {
            "residual": 1.8381163494612049e-09,
            "correlation": -0.195569316133915
          },
          "profile": {
            "total_time": 0.024865612
          }
        },
        "8": {
          "data": {
            "residual": 8.577659483280389e-10,
            "correlation": -0.19556931625059035
          },
          "profile": {
            "total_time": 0.029994649
          }
        },
        "9": {
          "data": {
            "residual": 4.492329348654279e-10,
            "correlation": -0.19556931627345156
          },
          "profile": {
            "total_time": 0.027115049
          }
        },
        "10": {
          "data": {
            "residual": 2.3250646023244357e-10,
            "correlation": -0.19556931628309474
          },
          "profile": {
            "total_time": 0.024255185
          }
        },
        "11": {
          "data": {
            "residual": 1.545693830866841e-11,
            "correlation": -0.19556931628696014
          },
          "profile": {
            "total_time": 0.028545848
          }
        }
      },
      "n_iterations": 11,
      "final_energy": {
        "correlation": -0.19556931628696014,
        "total": -75.0975388572793
      }
    },
    "GFCCSD": {
      "retarded_alpha": {
        "level1": {
          "omega_npts": 21,
          "0": {
            "omega": -0.4,
            "A_a": -1.235550949028037
          },
          "1": {
            "omega": -0.39,
            "A_a": -1.0621304338561066
          },
          "2": {
            "omega": -0.38,
            "A_a": -0.9247998000974152
          },
          "3": {
            "omega": -0.37,
            "A_a": -0.8139199098721666
          },
          "4": {
            "omega": -0.36000000000000004,
            "A_a": -0.722914948766878
          },
          "5": {
            "omega": -0.35000000000000003,
            "A_a": -0.6471649537708776
          },
          "6": {
            "omega": -0.34,
            "A_a": -0.5833408338590869
          },
          "7": {
            "omega": -0.33,
            "A_a": -0.528990308240938
          },
          "8": {
            "omega": -0.32,
            "A_a": -0.48227179857005664
          },
          "9": {
            "omega": -0.31,
            "A_a": -0.4417785929380573
          },
          "10": {
            "omega": -0.30000000000000004,
            "A_a": -0.4064197701849289
          },
          "11": {
            "omega": -0.29000000000000004,
            "A_a": -0.3753377794302336
          },
          "12": {
            "omega": -0.28,
            "A_a": -0.34785026268942154
          },
          "13": {
            "omega": -0.27,
            "A_a": -0.3234082588251793
          },
          "14": {
            "omega": -0.26,
            "A_a": -0.30156569294439894
          },
          "15": {
            "omega": -0.25,
            "A_a": -0.28195677837047733
          },
          "16": {
            "omega": -0.24000000000000002,
            "A_a": -0.26427905590288103
          },
          "17": {
            "omega": -0.23,
            "A_a": -0.24828050860495465
          },
          "18": {
            "omega": -0.22000000000000003,
            "A_a": -0.23374966292763266
          },
          "19": {
            "omega": -0.21000000000000002,
            "A_a": -0.22050790534645198
          },
          "20": {
            "omega": -0.2,
            "A_a": -0.2084034615780858
          }
        },
        "level2": {
          "omega_npts": 21,
          "0": {
            "omega": -0.4,
            "A_a": -1.2355437924668098
          },
          "1": {
            "omega": -0.39,
            "A_a": -1.0621264383190827
          },
          "2": {
            "omega": -0.38,
            "A_a": -0.9247974187138834
          },
          "3": {
            "omega": -0.37,
            "A_a": -0.8139182400599545
          },
          "4": {
            "omega": -0.36000000000000004,
            "A_a": -0.7229134606225036
          },
          "5": {
            "omega": -0.35000000000000003,
            "A_a": -0.6471633386912756
          },
          "6": {
            "omega": -0.34,
            "A_a": -0.5833389172390153
          },
          "7": {
            "omega": -0.33,
            "A_a": -0.5289879976750178
          },
          "8": {
            "omega": -0.32,
            "A_a": -0.48226905239365625
          },
          "9": {
            "omega": -0.31,
            "A_a": -0.44177540075621935
          },
          "10": {
            "omega": -0.30000000000000004,
            "A_a": -0.4064161406420327
          },
          "11": {
            "omega": -0.29000000000000004,
            "A_a": -0.3753337324452928
          },
          "12": {
            "omega": -0.28,
            "A_a": -0.34784582449468016
          },
          "13": {
            "omega": -0.27,
            "A_a": -0.32340345879065036
          },
          "14": {
            "omega": -0.26,
            "A_a": -0.30156056155392563
          },
          "15": {
            "omega": -0.25,
            "A_a": -0.28195134594715415
          },
          "16": {
            "omega": -0.24000000000000002,
            "A_a": -0.2642733518252525
          },
          "17": {
            "omega": -0.23,
            "A_a": -0.24827456084569677
          },
          "18": {
            "omega": -0.22000000000000003,
            "A_a": -0.233743497804068
          },
          "19": {
            "omega": -0.21000000000000002,
            "A_a": -0.2205015474095428
          },
          "20": {
            "omega": -0.2,
            "A_a": -0.20839693359097355
          }
        },
        "nlevels": 2
      }
    }
  },
  "input": {
    "molecule": {
      "name": "h2o",
      "basis": "cc-pvdz",
      "basis_sphcart": "spherical",
      "geometry_units": "bohr"
    },
    "SCF": {
      "tol_int": 1e-20,
      "tol_lindep": 1e-06,
      "conve": 1e-12,
      "convd": 1e-11,
      "diis_hist": 10,
      "AO_tilesize": 30,
      "force_tilesize": "false",
      "scf_type": "rhf",
      "multiplicity": 1
    },
    "CD": {
      "diagtol": 1e-08,
      "max_cvecs_factor": 12
    },
    "CCSD": {
      "threshold": 1e-10,
      "tilesize": 50,
      "itilesize": 1000,
      "ncuda": 0,
      "ndiis": 5,
      "readt": "false",
      "writet": "true",
      "ccsd_maxiter": 50,
      "balance_tiles": "true"
    },
    "GFCCSD": {
      "gf_ngmres": 10,
      "gf_maxiter": 100,
      "gf_threshold": 0.01,
      "gf_nprocs_poi": 0,
      "gf_damping_factor": 1.0,
      "gf_omega_min_ip": -0.4,
      "gf_omega_max_ip": -0.2,
      "gf_omega_min_ip_e": -2.0,
      "gf_omega_max_ip_e": 0.0,
      "gf_omega_delta": 0.01,
      "gf_omega_delta_e": 0.002,
      "gf_extrapolate_level": 0
    }
  }
}
